0xff00ff00
0xff00ff01
0xff00ff02
0xff00ff03
0xff00ff04
0xff00ff05
0xff00ff06
0xff00ff07
