BREAK
BREAK
[
	addr: 0000
	order: 13
	size: 8192
	chunk: 0008
	allocated: fencepost
]
[
	addr: 0008
	order: 12
	size: 4096
	chunk: 0008
	allocated: true
]
[
	addr: 4104
	order: 12
	size: 4096
	chunk: 0008
	allocated: true
]
[
	addr: 8200
	order: 3
	size: 8
	chunk: 0008
	allocated: fencepost
]
g_heap_end: 8223
List 12:
[
	addr: 12428
	order: 12
	size: 4096
	chunk: 8332
	allocated: false
	prev: NULLPTR
	next: NULLPTR
]

