List 7:
[
	addr: 0136
	order: 7
	size: 128
	chunk: 0008
	allocated: false
	prev: NULLPTR
	next: NULLPTR
]

List 8:
[
	addr: 0264
	order: 8
	size: 256
	chunk: 0008
	allocated: false
	prev: NULLPTR
	next: NULLPTR
]

List 9:
[
	addr: 0520
	order: 9
	size: 512
	chunk: 0008
	allocated: false
	prev: NULLPTR
	next: NULLPTR
]

List 10:
[
	addr: 1032
	order: 10
	size: 1024
	chunk: 0008
	allocated: false
	prev: NULLPTR
	next: NULLPTR
]

List 11:
[
	addr: 2056
	order: 11
	size: 2048
	chunk: 0008
	allocated: false
	prev: NULLPTR
	next: NULLPTR
]

List 8:
[
	addr: 0264
	order: 8
	size: 256
	chunk: 0008
	allocated: false
	prev: NULLPTR
	next: NULLPTR
]

List 9:
[
	addr: 0520
	order: 9
	size: 512
	chunk: 0008
	allocated: false
	prev: NULLPTR
	next: NULLPTR
]

List 10:
[
	addr: 1032
	order: 10
	size: 1024
	chunk: 0008
	allocated: false
	prev: NULLPTR
	next: NULLPTR
]

List 11:
[
	addr: 2056
	order: 11
	size: 2048
	chunk: 0008
	allocated: false
	prev: NULLPTR
	next: NULLPTR
]

List 7:
[
	addr: 0392
	order: 7
	size: 128
	chunk: 0008
	allocated: false
	prev: NULLPTR
	next: NULLPTR
]

List 9:
[
	addr: 0520
	order: 9
	size: 512
	chunk: 0008
	allocated: false
	prev: NULLPTR
	next: NULLPTR
]

List 10:
[
	addr: 1032
	order: 10
	size: 1024
	chunk: 0008
	allocated: false
	prev: NULLPTR
	next: NULLPTR
]

List 11:
[
	addr: 2056
	order: 11
	size: 2048
	chunk: 0008
	allocated: false
	prev: NULLPTR
	next: NULLPTR
]

List 9:
[
	addr: 0520
	order: 9
	size: 512
	chunk: 0008
	allocated: false
	prev: NULLPTR
	next: NULLPTR
]

List 10:
[
	addr: 1032
	order: 10
	size: 1024
	chunk: 0008
	allocated: false
	prev: NULLPTR
	next: NULLPTR
]

List 11:
[
	addr: 2056
	order: 11
	size: 2048
	chunk: 0008
	allocated: false
	prev: NULLPTR
	next: NULLPTR
]

BREAK
List 7:
[
	addr: 0008
	order: 7
	size: 128
	chunk: 0008
	allocated: false
	prev: NULLPTR
	next: NULLPTR
]

List 9:
[
	addr: 0520
	order: 9
	size: 512
	chunk: 0008
	allocated: false
	prev: NULLPTR
	next: NULLPTR
]

List 10:
[
	addr: 1032
	order: 10
	size: 1024
	chunk: 0008
	allocated: false
	prev: NULLPTR
	next: NULLPTR
]

List 11:
[
	addr: 2056
	order: 11
	size: 2048
	chunk: 0008
	allocated: false
	prev: NULLPTR
	next: NULLPTR
]

List 8:
[
	addr: 0008
	order: 8
	size: 256
	chunk: 0008
	allocated: false
	prev: NULLPTR
	next: NULLPTR
]

List 9:
[
	addr: 0520
	order: 9
	size: 512
	chunk: 0008
	allocated: false
	prev: NULLPTR
	next: NULLPTR
]

List 10:
[
	addr: 1032
	order: 10
	size: 1024
	chunk: 0008
	allocated: false
	prev: NULLPTR
	next: NULLPTR
]

List 11:
[
	addr: 2056
	order: 11
	size: 2048
	chunk: 0008
	allocated: false
	prev: NULLPTR
	next: NULLPTR
]

List 7:
[
	addr: 0264
	order: 7
	size: 128
	chunk: 0008
	allocated: false
	prev: NULLPTR
	next: NULLPTR
]

List 8:
[
	addr: 0008
	order: 8
	size: 256
	chunk: 0008
	allocated: false
	prev: NULLPTR
	next: NULLPTR
]

List 9:
[
	addr: 0520
	order: 9
	size: 512
	chunk: 0008
	allocated: false
	prev: NULLPTR
	next: NULLPTR
]

List 10:
[
	addr: 1032
	order: 10
	size: 1024
	chunk: 0008
	allocated: false
	prev: NULLPTR
	next: NULLPTR
]

List 11:
[
	addr: 2056
	order: 11
	size: 2048
	chunk: 0008
	allocated: false
	prev: NULLPTR
	next: NULLPTR
]

BREAK
List 12:
[
	addr: 0008
	order: 12
	size: 4096
	chunk: 0008
	allocated: false
	prev: NULLPTR
	next: NULLPTR
]

BREAK
