List 5:
[
	addr: 0048
	order: 5
	size: 32
	chunk: 0016
	allocated: false
	prev: NULLPTR
	next: NULLPTR
]

List 6:
[
	addr: 0080
	order: 6
	size: 64
	chunk: 0016
	allocated: false
	prev: NULLPTR
	next: NULLPTR
]

List 7:
[
	addr: 0144
	order: 7
	size: 128
	chunk: 0016
	allocated: false
	prev: NULLPTR
	next: NULLPTR
]

List 8:
[
	addr: 0272
	order: 8
	size: 256
	chunk: 0016
	allocated: false
	prev: NULLPTR
	next: NULLPTR
]

List 9:
[
	addr: 0528
	order: 9
	size: 512
	chunk: 0016
	allocated: false
	prev: NULLPTR
	next: NULLPTR
]

List 10:
[
	addr: 1040
	order: 10
	size: 1024
	chunk: 0016
	allocated: false
	prev: NULLPTR
	next: NULLPTR
]

List 11:
[
	addr: 2064
	order: 11
	size: 2048
	chunk: 0016
	allocated: false
	prev: NULLPTR
	next: NULLPTR
]

List 5:
[
	addr: 0048
	order: 5
	size: 32
	chunk: 0016
	allocated: false
	prev: NULLPTR
	next: NULLPTR
]

List 7:
[
	addr: 0144
	order: 7
	size: 128
	chunk: 0016
	allocated: false
	prev: NULLPTR
	next: NULLPTR
]

List 8:
[
	addr: 0272
	order: 8
	size: 256
	chunk: 0016
	allocated: false
	prev: NULLPTR
	next: NULLPTR
]

List 9:
[
	addr: 0528
	order: 9
	size: 512
	chunk: 0016
	allocated: false
	prev: NULLPTR
	next: NULLPTR
]

List 10:
[
	addr: 1040
	order: 10
	size: 1024
	chunk: 0016
	allocated: false
	prev: NULLPTR
	next: NULLPTR
]

List 11:
[
	addr: 2064
	order: 11
	size: 2048
	chunk: 0016
	allocated: false
	prev: NULLPTR
	next: NULLPTR
]

List 5:
[
	addr: 0048
	order: 5
	size: 32
	chunk: 0016
	allocated: false
	prev: NULLPTR
	next: NULLPTR
]

List 8:
[
	addr: 0272
	order: 8
	size: 256
	chunk: 0016
	allocated: false
	prev: NULLPTR
	next: NULLPTR
]

List 9:
[
	addr: 0528
	order: 9
	size: 512
	chunk: 0016
	allocated: false
	prev: NULLPTR
	next: NULLPTR
]

List 10:
[
	addr: 1040
	order: 10
	size: 1024
	chunk: 0016
	allocated: false
	prev: NULLPTR
	next: NULLPTR
]

List 11:
[
	addr: 2064
	order: 11
	size: 2048
	chunk: 0016
	allocated: false
	prev: NULLPTR
	next: NULLPTR
]

List 5:
[
	addr: 0048
	order: 5
	size: 32
	chunk: 0016
	allocated: false
	prev: NULLPTR
	next: NULLPTR
]

List 9:
[
	addr: 0528
	order: 9
	size: 512
	chunk: 0016
	allocated: false
	prev: NULLPTR
	next: NULLPTR
]

List 10:
[
	addr: 1040
	order: 10
	size: 1024
	chunk: 0016
	allocated: false
	prev: NULLPTR
	next: NULLPTR
]

List 11:
[
	addr: 2064
	order: 11
	size: 2048
	chunk: 0016
	allocated: false
	prev: NULLPTR
	next: NULLPTR
]

